[backblue.gif]
[fade.gif]
[index.html]
[nexus.ensighten.com/fidelity/nbprod/Bootstrap.js]
[nexus.ensighten.com/fidelity/nbstage/Bootstrap.js]
[communications.fidelity.com/wi/2012/howdoicompare/img/button_txt.png]
[communications.fidelity.com/wi/2012/howdoicompare/index.html]
[communications.fidelity.com/wi/2012/howdoicompare/css/normalize.min.css]
[communications.fidelity.com/wi/2012/howdoicompare/css/grid.css]
[communications.fidelity.com/wi/2012/howdoicompare/css/main.css]
[communications.fidelity.com/wi/2012/howdoicompare/img/desktop_back.png]
[communications.fidelity.com/wi/2012/howdoicompare/img/tablet_back.png]
[communications.fidelity.com/wi/2012/howdoicompare/img/mobile_wide_back.png]
[communications.fidelity.com/wi/2012/howdoicompare/img/mobile_back.png]
[communications.fidelity.com/wi/2012/howdoicompare/css/style.css]
[communications.fidelity.com/wi/2012/howdoicompare/js/vendor/jquery-1.10.1.min.js]
[communications.fidelity.com/wi/2012/howdoicompare/js/vendor/modernizr-2.6.2-respond-1.1.0.min.js]
[nexus.ensighten.com/fidelity/nbprod/Bootstrap.js]
[nexus.ensighten.com/fidelity/nbstage/Bootstrap.js]
[communications.fidelity.com/wi/2012/howdoicompare/js/main.js]
[communications.fidelity.com/wi/2012/howdoicompare/js/vendor/jquery_currency.js]
[communications.fidelity.com/wi/2012/howdoicompare/AppleWebKit/index.html]
[communications.fidelity.com/wi/2012/howdoicompare/GET.html]
